
Randomized with seed 54062
.chaos_crash boundary=kafka_delivered event_id=0ec2d2e7-07a9-4b32-ad8e-91bec46334b6
.chaos_crash boundary=command_committed auction_id=42
....*{"timestamp":"2026-10-02T01:23:27.343158Z","level":"warn","service":"hammerfall-api","component":"kafka_outbox_publisher","operation":"publish","result":"failed","error_class":"IOError","event_type":"auction.price_changed.v1","event_id":"35c5663f-0e28-477f-bc11-eb74eb7ccfcd","retry_count":1,"public_revision":3}
{"timestamp":"2026-10-02T01:23:27.352758Z","level":"info","service":"hammerfall-api","component":"kafka_outbox_publisher","operation":"publish","result":"succeeded","event_type":"auction.price_changed.v1","event_id":"35c5663f-0e28-477f-bc11-eb74eb7ccfcd","retry_count":2,"public_revision":3}
.[1;34mINFO [0m 2026-10-02T01:23:27.608Z pid=448 tid=4o0: Sidekiq 8.1.7 connecting to Redis with options {size: 10, pool_name: "internal", network_timeout: 2, url: "[redacted Redis URL]"}
{"timestamp":"2026-10-02T01:23:27.614255Z","level":"info","service":"hammerfall-api","component":"kafka_outbox_publisher","operation":"publish","result":"succeeded","event_type":"auction.price_changed.v1","event_id":"7d522467-8cd1-4884-bd41-9ceccbb0f15d","retry_count":1,"public_revision":3}
{"timestamp":"2026-10-02T01:23:27.626089Z","level":"info","service":"hammerfall-api","component":"outbox_publisher","operation":"enqueue","result":"succeeded","event_id":"7d522467-8cd1-4884-bd41-9ceccbb0f15d","retry_count":1,"public_revision":3}
..{"timestamp":"2026-10-02T01:23:27.725242Z","level":"error","service":"hammerfall-api","component":"kafka_audit_consumer","operation":"consume","result":"failed","error_class":"IOError","consumer_group":"hammerfall.audit.v1","partition":0,"offset":1}
.{"timestamp":"2026-10-02T01:23:27.793048Z","level":"info","service":"hammerfall-api","component":"kafka_outbox_publisher","operation":"publish","result":"succeeded","event_type":"auction.price_changed.v1","event_id":"3c69da33-1724-4443-a3a0-6c826d28c3a8","retry_count":1,"public_revision":3}
{"timestamp":"2026-10-02T01:23:27.800373Z","level":"info","service":"hammerfall-api","component":"kafka_audit_consumer","operation":"consume","result":"first","event_type":"auction.price_changed.v1","event_id":"3c69da33-1724-4443-a3a0-6c826d28c3a8","consumer_group":"hammerfall.audit.v1","partition":0,"offset":1,"public_revision":3,"trace_id":"6a6cfb2fa93974f4e648ba52e5b78df2","span_id":"914ccd1406ff5f53"}
.{"timestamp":"2026-10-02T01:23:27.838821Z","level":"warn","service":"hammerfall-api","component":"kafka_outbox_publisher","operation":"publish","result":"failed","error_class":"IOError","event_type":"auction.price_changed.v1","event_id":"3484198e-e63b-43f4-ad2c-950d1c977dd4","retry_count":1,"public_revision":3}
{"timestamp":"2026-10-02T01:23:27.856031Z","level":"info","service":"hammerfall-api","component":"kafka_outbox_publisher","operation":"publish","result":"succeeded","event_type":"auction.price_changed.v1","event_id":"3484198e-e63b-43f4-ad2c-950d1c977dd4","retry_count":2,"public_revision":3}
..{"timestamp":"2026-10-02T01:23:27.945444Z","level":"warn","service":"hammerfall-api","component":"kafka_outbox_publisher","operation":"publish","result":"failed","error_class":"IOError","event_type":"auction.price_changed.v1","event_id":"907db613-2737-4cd0-affc-9178e89f5e7a","retry_count":1,"public_revision":3}
...{"timestamp":"2026-10-02T01:23:28.092905Z","level":"info","service":"hammerfall-api","component":"kafka_audit_consumer","operation":"consume","result":"first","event_type":"auction.status_changed.v1","event_id":"c3509c08-bf06-4de4-b430-6bc21b8ccb81","consumer_group":"hammerfall.audit.v1","partition":0,"offset":1,"public_revision":2,"trace_id":"72563408e0323a8392162b6c77c26601","span_id":"0c8ffd1c02622f0a"}
..{"timestamp":"2026-10-02T01:23:28.227607Z","level":"info","service":"hammerfall-api","component":"kafka_outbox_publisher","operation":"publish","result":"succeeded","event_type":"auction.price_changed.v1","event_id":"d6d93321-fb50-4659-838f-6d755d482074","retry_count":1,"public_revision":4}
{"timestamp":"2026-10-02T01:23:28.237045Z","level":"info","service":"hammerfall-api","component":"kafka_outbox_publisher","operation":"publish","result":"succeeded","event_type":"auction.price_changed.v1","event_id":"105b7963-c685-43a3-a7b4-95b6e29dd3c0","retry_count":1,"public_revision":3}
.{"timestamp":"2026-10-02T01:23:28.270666Z","level":"error","service":"hammerfall-api","component":"kafka_audit_consumer","operation":"consume","result":"poison","error_class":"KafkaEventCodec::InvalidEvent","consumer_group":"hammerfall.audit.v1","partition":0,"offset":12}
..{"timestamp":"2026-10-02T01:23:28.337271Z","level":"error","service":"hammerfall-api","component":"kafka_audit_consumer","operation":"consume","result":"failed","error_class":"IOError","consumer_group":"hammerfall.audit.v1","partition":0,"offset":1}
{"timestamp":"2026-10-02T01:23:28.338097Z","level":"info","service":"hammerfall-api","component":"kafka_audit_consumer","operation":"consume","result":"duplicate","event_type":"auction.status_changed.v1","event_id":"ef1d4b02-7b4a-42d1-a2ab-d7fa9e7abea1","consumer_group":"hammerfall.audit.v1","partition":0,"offset":1,"public_revision":2,"trace_id":"8239e66a5fee1b6bcf5a65c6d6a3b842","span_id":"47840f50dfede15f"}
..{"timestamp":"2026-10-02T01:23:28.428699Z","level":"info","service":"hammerfall-api","component":"kafka_audit_consumer","operation":"consume","result":"first","event_type":"auction.price_changed.v1","event_id":"8267323b-c58c-4d89-b103-afbb1586f3e7","consumer_group":"hammerfall.audit.v1","partition":0,"offset":1,"public_revision":4,"trace_id":"5b2526e580bf24236cf2120cf784a8f6","span_id":"af5aebf3c5658896"}
{"timestamp":"2026-10-02T01:23:28.433169Z","level":"info","service":"hammerfall-api","component":"kafka_audit_consumer","operation":"consume","result":"stale","event_type":"auction.price_changed.v1","event_id":"c43d0f03-4a49-4907-90fd-d270bf2e21d0","consumer_group":"hammerfall.audit.v1","partition":0,"offset":2,"public_revision":3,"trace_id":"999fdcd42bf62dfa8455cba0ac080a00","span_id":"dab6521a832d9c45"}
{"timestamp":"2026-10-02T01:23:28.433783Z","level":"info","service":"hammerfall-api","component":"kafka_audit_consumer","operation":"consume","result":"duplicate","event_type":"auction.price_changed.v1","event_id":"c43d0f03-4a49-4907-90fd-d270bf2e21d0","consumer_group":"hammerfall.audit.v1","partition":0,"offset":3,"public_revision":3,"trace_id":"cb6bd569b35f80661738515ff993c89e","span_id":"198a32dac95424e7"}
{"timestamp":"2026-10-02T01:23:28.434522Z","level":"error","service":"hammerfall-api","component":"kafka_audit_consumer","operation":"consume","result":"poison","error_class":"KafkaEventCodec::InvalidEvent","consumer_group":"hammerfall.audit.v1","partition":0,"offset":4}
.{"timestamp":"2026-10-02T01:23:28.480729Z","level":"info","service":"hammerfall-api","component":"kafka_outbox_publisher","operation":"publish","result":"succeeded","event_type":"auction.price_changed.v1","event_id":"fe538a12-8e4c-48c0-b319-22b60782b1bb","retry_count":1,"public_revision":3}
.{"timestamp":"2026-10-02T01:23:28.524942Z","level":"info","service":"hammerfall-api","operation":"place_bid","component":"http","result":"rejected","trace_id":"a7def1ea7f26fcbc228fe49b9cef94d2","span_id":"1e59e93357ad6e42"}
{"timestamp":"2026-10-02T01:23:28.536948Z","level":"info","service":"hammerfall-api","operation":"place_bid","component":"http","result":"replayed","trace_id":"8e7af5cab7ff534f8f92c66d80d1dc9b","span_id":"809b3a1b8e4b62c5"}
.{"timestamp":"2026-10-02T01:23:28.545035Z","level":"info","service":"hammerfall-api","operation":"place_bid","component":"http","result":"rejected","error_class":"Idempotency::Executor::InvalidKey","trace_id":"0043b9ea97ec833d53fa51676a4df095","span_id":"fcd4b7d0647cb598"}
.{"timestamp":"2026-10-02T01:23:28.564824Z","level":"info","service":"hammerfall-api","operation":"place_bid","component":"http","result":"accepted","trace_id":"706a29bb4ef614da1ba9af3eb714285b","span_id":"10f5797f19ae2584"}
{"timestamp":"2026-10-02T01:23:28.567730Z","level":"info","service":"hammerfall-api","operation":"place_bid","component":"http","result":"replayed","trace_id":"48ff5351d82dec84440f1a894682878b","span_id":"2179ba90a70829c5"}
.{"timestamp":"2026-10-02T01:23:28.577253Z","level":"info","service":"hammerfall-api","operation":"place_bid","component":"http","result":"rejected","error_class":"Idempotency::Executor::InvalidKey","trace_id":"19f0ebcb0f315054a77f5f00f932a11e","span_id":"963518329dff9d6c"}
.{"timestamp":"2026-10-02T01:23:28.587446Z","level":"info","service":"hammerfall-api","operation":"place_bid","component":"http","result":"rejected","error_class":"Idempotency::Executor::InvalidKey","trace_id":"cedd5dbabcb5b7040c8fa86f5f9d2940","span_id":"ed8c8b7c23b061eb"}
.{"timestamp":"2026-10-02T01:23:28.603767Z","level":"info","service":"hammerfall-api","operation":"place_bid","component":"http","result":"accepted","trace_id":"5ff2bce182d8d775738bcc0d6dd93f96","span_id":"5bb0c000c695201d"}
{"timestamp":"2026-10-02T01:23:28.605965Z","level":"info","service":"hammerfall-api","operation":"place_bid","component":"http","result":"rejected","trace_id":"7dc20c2f11db5db1c2fd053348f35692","span_id":"151af6b8c56893ee"}
{"timestamp":"2026-10-02T01:23:28.622033Z","level":"info","service":"hammerfall-api","operation":"place_bid","component":"http","result":"rejected","trace_id":"5813e1348b1bafe37511b66c57955e38","span_id":"a2be934281360d46"}
.{"timestamp":"2026-10-02T01:23:28.640146Z","level":"info","service":"hammerfall-api","operation":"set_maximum_bid","component":"http","result":"accepted","trace_id":"cf726a8d4e5d65e855241e8393e1ad1d","span_id":"aece498443bb1079"}
{"timestamp":"2026-10-02T01:23:28.653471Z","level":"info","service":"hammerfall-api","operation":"set_maximum_bid","component":"http","result":"replayed","trace_id":"d92166c9771dbfffefee308e8bcf9733","span_id":"0aad8b70b252f218"}
.{"timestamp":"2026-10-02T01:23:28.661304Z","level":"info","service":"hammerfall-api","operation":"place_bid","component":"http","result":"rejected","error_class":"Idempotency::Executor::InvalidKey","trace_id":"cf8f5773263ac561ce5ae85c4610a4e1","span_id":"3e0566460bad1adb"}
.{"timestamp":"2026-10-02T01:23:28.684772Z","level":"info","service":"hammerfall-api","operation":"set_maximum_bid","component":"http","result":"accepted","trace_id":"ee71be063c9e33e63ae2e50092aec263","span_id":"fb2fb20932a27a78"}
{"timestamp":"2026-10-02T01:23:28.689966Z","level":"info","service":"hammerfall-api","operation":"set_maximum_bid","component":"http","result":"accepted","trace_id":"f61b130d9ef00f1a11192fce2ddb61d9","span_id":"2b044e108e7ebb0f"}
{"timestamp":"2026-10-02T01:23:28.692747Z","level":"info","service":"hammerfall-api","operation":"set_maximum_bid","component":"http","result":"replayed","trace_id":"3e9599ceda4cc8971a1edcb314b0d39c","span_id":"490bd3e4a7d78f3c"}
.{"timestamp":"2026-10-02T01:23:28.708027Z","level":"info","service":"hammerfall-api","operation":"place_bid","component":"http","result":"accepted","trace_id":"f085cb246579e671a41eeea13db5c5e5","span_id":"c238eb5a8f50dc9f"}
{"timestamp":"2026-10-02T01:23:28.710106Z","level":"info","service":"hammerfall-api","operation":"place_bid","component":"http","result":"replayed","trace_id":"349bb324de9ad94f6267db0fd9cb1630","span_id":"4edee0234be8e220"}
{"timestamp":"2026-10-02T01:23:28.712582Z","level":"info","service":"hammerfall-api","operation":"place_bid","component":"http","result":"rejected","trace_id":"2b39246e34438d14d0c731ecf87b16f4","span_id":"923ea5d08dfa6b9d"}
.{"timestamp":"2026-10-02T01:23:28.723762Z","level":"info","service":"hammerfall-api","operation":"place_bid","component":"http","result":"rejected","error_class":"Idempotency::Executor::InvalidKey","trace_id":"b942a30fbc4f0fb5d04767b9b9df470b","span_id":"62e6588ad36aa906"}
.{"timestamp":"2026-10-02T01:23:28.733096Z","level":"info","service":"hammerfall-api","operation":"place_bid","component":"http","result":"rejected","error_class":"Idempotency::Executor::InvalidKey","trace_id":"d5508ee466fc7acbb3f2af494d3e2a98","span_id":"e09981e56c4e5a4e"}
...{"timestamp":"2026-10-02T01:23:28.798902Z","level":"info","service":"hammerfall-api","operation":"place_bid","component":"http","result":"accepted","trace_id":"e4ddf4fe7fcb8ac13baf948e9193f515","span_id":"ced3f3ffbecd572e"}
{"timestamp":"2026-10-02T01:23:28.810511Z","level":"info","service":"hammerfall-api","operation":"place_bid","component":"http","result":"accepted","trace_id":"4b194b68fd126355498b342d21c69428","span_id":"589e9b40fa8edcb6"}
{"timestamp":"2026-10-02T01:23:28.819895Z","level":"info","service":"hammerfall-api","operation":"set_maximum_bid","component":"http","result":"accepted","trace_id":"65690a0a5f878ed2abf84da5f2f7e3c5","span_id":"86dbd503e6ccac33"}
.{"timestamp":"2026-10-02T01:23:28.841343Z","level":"info","service":"hammerfall-api","operation":"place_bid","component":"http","result":"accepted","trace_id":"364f3a529613bf6e80c6327ee6012261","span_id":"b64236e8362b9c35"}
{"timestamp":"2026-10-02T01:23:28.844597Z","level":"info","service":"hammerfall-api","operation":"place_bid","component":"http","result":"replayed","trace_id":"e90257d40e6996be6ae23ab539f4106a","span_id":"be7b51a82b511d66"}
{"timestamp":"2026-10-02T01:23:28.846576Z","level":"info","service":"hammerfall-api","operation":"place_bid","component":"http","result":"replayed","trace_id":"8ad3aaa15a641d63fecc4e5105746b5d","span_id":"928d2489a117e5a3"}
{"timestamp":"2026-10-02T01:23:28.848761Z","level":"info","service":"hammerfall-api","operation":"place_bid","component":"http","result":"replayed","trace_id":"6ff8f11a7292d1a9c023fca99cf7be18","span_id":"a6ecd2ff81ea87c9"}
.{"timestamp":"2026-10-02T01:23:28.867827Z","level":"info","service":"hammerfall-api","operation":"place_bid","component":"http","result":"accepted","trace_id":"dd7bfbe79ea6380507f3ed47e1900ae5","span_id":"43599cf1e7381ace"}
{"timestamp":"2026-10-02T01:23:28.878564Z","level":"info","service":"hammerfall-api","operation":"place_bid","component":"http","result":"accepted","trace_id":"873801d168bac00d26935b83a29e2f62","span_id":"be00bc254c515b00"}
{"timestamp":"2026-10-02T01:23:28.881339Z","level":"info","service":"hammerfall-api","operation":"place_bid","component":"http","result":"replayed","trace_id":"4edad59607c367cd5e77f26ba2be4466","span_id":"7e903bb8006b36ba"}
{"timestamp":"2026-10-02T01:23:28.887604Z","level":"info","service":"hammerfall-api","operation":"place_bid","component":"http","result":"replayed","trace_id":"0e76c55ea0e95f18be026235b88f52c4","span_id":"8fcae28208f6d0d4"}
.{"timestamp":"2026-10-02T01:23:28.903696Z","level":"info","service":"hammerfall-api","operation":"set_maximum_bid","component":"http","result":"accepted","trace_id":"ce451e120852964974a75d8dab87b2d6","span_id":"b593353a2d93dca2"}
{"timestamp":"2026-10-02T01:23:28.905491Z","level":"info","service":"hammerfall-api","operation":"set_maximum_bid","component":"http","result":"replayed","trace_id":"da8002fb47520375f7d34a9dd0d5be76","span_id":"8641dfa51c9604de"}
{"timestamp":"2026-10-02T01:23:28.907152Z","level":"info","service":"hammerfall-api","operation":"set_maximum_bid","component":"http","result":"rejected","trace_id":"86298cd84cb1c1d8cb405ed9cf68b20d","span_id":"89bd1981690c59e3"}
.{"timestamp":"2026-10-02T01:23:28.924052Z","level":"info","service":"hammerfall-api","operation":"set_maximum_bid","component":"http","result":"accepted","trace_id":"e35397e255968a4f5598ea0bd546af6c","span_id":"fe9ad390cdeecf57"}
{"timestamp":"2026-10-02T01:23:28.928588Z","level":"info","service":"hammerfall-api","operation":"set_maximum_bid","component":"http","result":"rejected","trace_id":"915345e47c3a8d5941276c2a6aaf33d7","span_id":"cfe93863558e78a5"}
{"timestamp":"2026-10-02T01:23:28.930716Z","level":"info","service":"hammerfall-api","operation":"set_maximum_bid","component":"http","result":"replayed","trace_id":"4ef944b3def1d1cf8bfb8d42d6e62f6b","span_id":"665bd0a31220ba0f"}
{"timestamp":"2026-10-02T01:23:28.940465Z","level":"info","service":"hammerfall-api","operation":"place_bid","component":"http","result":"rejected","trace_id":"b3e70a18f9f3220c50510bc5941e9d6d","span_id":"d61bfec28fa74f9c"}
{"timestamp":"2026-10-02T01:23:28.945985Z","level":"info","service":"hammerfall-api","operation":"place_bid","component":"http","result":"rejected","trace_id":"5e75598a2781ad1f19abf4733abc6ea6","span_id":"34b72d23a9ee95f1"}
{"timestamp":"2026-10-02T01:23:28.955865Z","level":"info","service":"hammerfall-api","operation":"place_bid","component":"http","result":"rejected","trace_id":"42589c57d9640f9b99b796e171366b2f","span_id":"bd12235e7d2581f3"}
{"timestamp":"2026-10-02T01:23:28.962089Z","level":"info","service":"hammerfall-api","operation":"place_bid","component":"http","result":"replayed","trace_id":"5db528bb00fe05e63329601818a25c04","span_id":"b79fa5c396e31e10"}
.{"timestamp":"2026-10-02T01:23:28.972024Z","level":"info","service":"hammerfall-api","operation":"place_bid","component":"http","result":"rejected","error_class":"Idempotency::Executor::InvalidKey","trace_id":"d8a25f82abda1405d2a549559d69482b","span_id":"f8b3164b4fcb4664"}
.

Pending: (Failures listed here are expected and do not affect your suite's status)

  1) Kafka domain outbox persists broker failure and acknowledges only a real broker delivery
     # set PHASE12_5_LIVE_KAFKA=1 and create hammerfall.phase12_5.verify
     # ./spec/integration/kafka_outbox_spec.rb:450

Finished in 1.84 seconds (files took 0.45493 seconds to load)
46 examples, 0 failures, 1 pending

Randomized with seed 54062
